

*******************************************************************************
Mon Jul 27 00:19:18 2026


FIT:    data read from "output/switch/switch_minima.txt" using 1:3:4 yerrors
        format = x:z:s
        x range restricted to [5.50000 : 18.5000]
        #datapoints = 12
function used for fitting: f(x)
	f(x) = c + a*2**(b*x**2)
fitted parameters initialized with current variable values

iter      chisq       delta/lim  lambda   a             b             c            
   0 1.0238786286e+03   0.00e+00  1.37e+01    1.000000e-01   1.500000e-02   2.000000e-01
  12 1.9623180818e+01  -3.53e-01  1.37e-03    9.927820e-03   2.810967e-02   2.029283e-01

After 12 iterations the fit converged.
final sum of squares of residuals : 19.6232
rel. change during last iteration : -3.52983e-06

degrees of freedom    (FIT_NDF)                        : 9
rms of residuals      (FIT_STDFIT) = sqrt(WSSR/ndf)    : 1.4766
variance of residuals (reduced chisquare) = WSSR/ndf   : 2.18035
p-value of the Chisq distribution (FIT_P)              : 0.0203858

Final set of parameters            Asymptotic Standard Error
=======================            ==========================
a               = 0.00992782       +/- 0.004237     (42.68%)
b               = 0.0281097        +/- 0.002279     (8.106%)
c               = 0.202928         +/- 0.01599      (7.879%)

correlation matrix of the fit parameters:
                a      b      c      
a               1.000 
b              -0.980  1.000 
c              -0.852  0.813  1.000 


*******************************************************************************
Mon Jul 27 00:22:09 2026


FIT:    data read from "output/switch/switch_minima.txt" using 1:2
        format = x:z
        x range restricted to [5.50000 : 18.5000]
        #datapoints = 12
        residuals are weighted equally (unit weight)

function used for fitting: g(x)
	g(x) = m*x + q
fitted parameters initialized with current variable values

Warning: Initial value of parameter 'q' is zero.
iter      chisq       delta/lim  lambda   m             q            
   0 3.4000000000e+00   0.00e+00  5.35e+00    6.000000e-01   1.000000e-30
BREAK: Singular matrix in Invert_RtR

*******************************************************************************
Mon Jul 27 00:22:17 2026


FIT:    data read from "output/switch/switch_minima.txt" using 1:2
        format = x:z
        x range restricted to [5.50000 : 18.5000]
        #datapoints = 12
        residuals are weighted equally (unit weight)

function used for fitting: g(x)
	g(x) = m*x + q
fitted parameters initialized with current variable values

iter      chisq       delta/lim  lambda   m             q            
   0 1.0200000000e+01   0.00e+00  5.40e+00    6.000000e-01   1.000000e+00
   4 2.4111721612e+00  -2.27e-02  5.40e-04    6.483516e-01  -3.635531e-01

After 4 iterations the fit converged.
final sum of squares of residuals : 2.41117
rel. change during last iteration : -2.26927e-07

degrees of freedom    (FIT_NDF)                        : 10
rms of residuals      (FIT_STDFIT) = sqrt(WSSR/ndf)    : 0.491037
variance of residuals (reduced chisquare) = WSSR/ndf   : 0.241117

Final set of parameters            Asymptotic Standard Error
=======================            ==========================
m               = 0.648352         +/- 0.0364       (5.614%)
q               = -0.363553        +/- 0.4592       (126.3%)

correlation matrix of the fit parameters:
                m      q      
m               1.000 
q              -0.951  1.000 


*******************************************************************************
Wed Jul 29 09:20:21 2026


FIT:    data read from "output/switch/switch_minima.txt" using 1:3:4 yerrors
        format = x:z:s
        x range restricted to [5.50000 : 18.5000]
        #datapoints = 13
function used for fitting: f(x)
	f(x) = c + a*2**(b*x**2)
fitted parameters initialized with current variable values

iter      chisq       delta/lim  lambda   a             b             c            
   0 1.6674348021e+03   0.00e+00  1.50e+01    1.000000e-01   1.500000e-02   2.000000e-01
  16 8.3121934833e+01  -2.49e-03  1.50e+00    2.326806e-03   3.516127e-02   2.226186e-01

After 16 iterations the fit converged.
final sum of squares of residuals : 83.1219
rel. change during last iteration : -2.48938e-08

degrees of freedom    (FIT_NDF)                        : 10
rms of residuals      (FIT_STDFIT) = sqrt(WSSR/ndf)    : 2.88309
variance of residuals (reduced chisquare) = WSSR/ndf   : 8.31219
p-value of the Chisq distribution (FIT_P)              : 1.22347e-13

Final set of parameters            Asymptotic Standard Error
=======================            ==========================
a               = 0.00232681       +/- 0.002451     (105.3%)
b               = 0.0351613        +/- 0.00533      (15.16%)
c               = 0.222619         +/- 0.02158      (9.696%)

correlation matrix of the fit parameters:
                a      b      c      
a               1.000 
b              -0.985  1.000 
c              -0.698  0.669  1.000 


*******************************************************************************
Wed Jul 29 10:54:22 2026


FIT:    data read from "output/switch/switch_minima.txt" using 1:3:4 yerrors
        format = x:z:s
        x range restricted to [5.50000 : 18.5000]
        #datapoints = 13
function used for fitting: f(x)
	f(x) = c + a*2**(b*x**2)
fitted parameters initialized with current variable values

iter      chisq       delta/lim  lambda   a             b             c            
   0 1.6674348021e+03   0.00e+00  1.50e+01    1.000000e-01   1.500000e-02   2.000000e-01
  16 8.3121934833e+01  -2.49e-03  1.50e+00    2.326806e-03   3.516127e-02   2.226186e-01

After 16 iterations the fit converged.
final sum of squares of residuals : 83.1219
rel. change during last iteration : -2.48938e-08

degrees of freedom    (FIT_NDF)                        : 10
rms of residuals      (FIT_STDFIT) = sqrt(WSSR/ndf)    : 2.88309
variance of residuals (reduced chisquare) = WSSR/ndf   : 8.31219
p-value of the Chisq distribution (FIT_P)              : 1.22347e-13

Final set of parameters            Asymptotic Standard Error
=======================            ==========================
a               = 0.00232681       +/- 0.002451     (105.3%)
b               = 0.0351613        +/- 0.00533      (15.16%)
c               = 0.222619         +/- 0.02158      (9.696%)

correlation matrix of the fit parameters:
                a      b      c      
a               1.000 
b              -0.985  1.000 
c              -0.698  0.669  1.000 
